Fetching AAPL...
Fetching TSLA...
Fetching GE...
Fetching MSFT...
Fetching VALE...
Fetching NIO...
Fetching TWTR...
Fetching PTON...
Fetching FB...
Fetching F...
Fetching BAC...
Fetching NKLA...
Fetching AAL...
Fetching NKE...
Fetching PINS...
Fetching T...
Fetching ZM...
Fetching CCL...
Fetching FCX...
Fetching PBR...
Fetching C...
Fetching SRNE...
Fetching INTC...
Fetching SNAP...
Fetching ROKU...
Fetching NVDA...
Fetching WORK...
Fetching UBER...
Fetching AMAT...
Fetching TSM...
Fetching GOOG...
Fetching AMZN...
done.
/Users/tyler/desktop/investin/data/data_getter.py:27: FutureWarning: Sorting because non-concatenation axis is not aligned. A future version
of pandas will change to not sort by default.

To accept the future behavior, pass 'sort=False'.

To retain the current behavior and silence the warning, pass 'sort=True'.

  data = pd.concat([old_data, new_data])
Fetching AAPL...
Fetching TSLA...
Fetching GE...
Fetching MSFT...
Fetching VALE...
Fetching NIO...
Fetching TWTR...
Fetching PTON...
Fetching FB...
Fetching F...
Fetching BAC...
Fetching NKLA...
Fetching AAL...
Fetching NKE...
Fetching PINS...
Fetching T...
Fetching ZM...
Fetching CCL...
Fetching FCX...
Fetching PBR...
Fetching C...
Fetching SRNE...
Fetching INTC...
Fetching SNAP...
Fetching ROKU...
Fetching NVDA...
Fetching WORK...
Fetching UBER...
Fetching AMAT...
Fetching TSM...
Fetching GOOG...
Fetching AMZN...
done.
/Users/tyler/desktop/investin/data/data_getter.py:27: FutureWarning: Sorting because non-concatenation axis is not aligned. A future version
of pandas will change to not sort by default.

To accept the future behavior, pass 'sort=False'.

To retain the current behavior and silence the warning, pass 'sort=True'.

  data = pd.concat([old_data, new_data])
Fetching AAPL...
Fetching TSLA...
Fetching GE...
Fetching MSFT...
Fetching VALE...
Fetching NIO...
Fetching TWTR...
Fetching PTON...
Fetching FB...
Fetching F...
Fetching BAC...
Fetching NKLA...
Fetching AAL...
Fetching NKE...
Fetching PINS...
Fetching T...
Fetching ZM...
Fetching CCL...
Fetching FCX...
Fetching PBR...
Fetching C...
Fetching SRNE...
Fetching INTC...
Fetching SNAP...
Fetching ROKU...
Fetching NVDA...
Fetching WORK...
Fetching UBER...
Fetching AMAT...
Fetching TSM...
Fetching GOOG...
Fetching AMZN...
done.
/Users/tyler/desktop/investin/data/data_getter.py:27: FutureWarning: Sorting because non-concatenation axis is not aligned. A future version
of pandas will change to not sort by default.

To accept the future behavior, pass 'sort=False'.

To retain the current behavior and silence the warning, pass 'sort=True'.

  data = pd.concat([old_data, new_data])
Fetching AAPL...
Fetching TSLA...
Fetching GE...
Fetching MSFT...
Fetching VALE...
Fetching NIO...
Fetching TWTR...
Fetching PTON...
Fetching FB...
Fetching F...
Fetching BAC...
Fetching NKLA...
Fetching AAL...
Fetching NKE...
Fetching PINS...
Fetching T...
Fetching ZM...
Fetching CCL...
Fetching FCX...
Fetching PBR...
Fetching C...
Fetching SRNE...
Fetching INTC...
Fetching SNAP...
Fetching ROKU...
Fetching NVDA...
Fetching WORK...
Fetching UBER...
Fetching AMAT...
Fetching TSM...
Fetching GOOG...
Fetching AMZN...
done.
/Users/tyler/desktop/investin/data/data_getter.py:27: FutureWarning: Sorting because non-concatenation axis is not aligned. A future version
of pandas will change to not sort by default.

To accept the future behavior, pass 'sort=False'.

To retain the current behavior and silence the warning, pass 'sort=True'.

  data = pd.concat([old_data, new_data])
Fetching AAPL...
Fetching TSLA...
Fetching GE...
Fetching MSFT...
Fetching VALE...
Fetching NIO...
Fetching TWTR...
Fetching PTON...
Fetching FB...
Fetching F...
Fetching BAC...
Fetching NKLA...
Fetching AAL...
Fetching NKE...
Fetching PINS...
Fetching T...
Fetching ZM...
Fetching CCL...
Fetching FCX...
Fetching PBR...
Fetching C...
Fetching SRNE...
Fetching INTC...
Fetching SNAP...
Fetching ROKU...
Fetching NVDA...
Fetching WORK...
Fetching UBER...
Fetching AMAT...
Fetching TSM...
Fetching GOOG...
Fetching AMZN...
done.
/Users/tyler/desktop/investin/data/data_getter.py:27: FutureWarning: Sorting because non-concatenation axis is not aligned. A future version
of pandas will change to not sort by default.

To accept the future behavior, pass 'sort=False'.

To retain the current behavior and silence the warning, pass 'sort=True'.

  data = pd.concat([old_data, new_data])
Fetching AAPL...
Fetching TSLA...
Fetching GE...
Fetching MSFT...
Fetching VALE...
Fetching NIO...
Fetching TWTR...
Fetching PTON...
Fetching FB...
Fetching F...
Fetching BAC...
Fetching NKLA...
Fetching AAL...
Fetching NKE...
Fetching PINS...
Fetching T...
Fetching ZM...
Fetching CCL...
Fetching FCX...
Fetching PBR...
Fetching C...
Fetching SRNE...
Fetching INTC...
Fetching SNAP...
Fetching ROKU...
Fetching NVDA...
Fetching WORK...
Fetching UBER...
Fetching AMAT...
Fetching TSM...
Fetching GOOG...
Fetching AMZN...
done.
/Users/tyler/desktop/investin/data/data_getter.py:27: FutureWarning: Sorting because non-concatenation axis is not aligned. A future version
of pandas will change to not sort by default.

To accept the future behavior, pass 'sort=False'.

To retain the current behavior and silence the warning, pass 'sort=True'.

  data = pd.concat([old_data, new_data])
Fetching AAPL...
Fetching TSLA...
Fetching GE...
Fetching MSFT...
Fetching VALE...
Fetching NIO...
Fetching TWTR...
Fetching PTON...
Fetching FB...
Fetching F...
Fetching BAC...
Fetching NKLA...
Fetching AAL...
Fetching NKE...
Fetching PINS...
Fetching T...
Fetching ZM...
Fetching CCL...
Fetching FCX...
Fetching PBR...
Fetching C...
Fetching SRNE...
Fetching INTC...
Fetching SNAP...
Fetching ROKU...
Fetching NVDA...
Fetching WORK...
Fetching UBER...
Fetching AMAT...
Fetching TSM...
Fetching GOOG...
Fetching AMZN...
done.
/Users/tyler/desktop/investin/data/data_getter.py:27: FutureWarning: Sorting because non-concatenation axis is not aligned. A future version
of pandas will change to not sort by default.

To accept the future behavior, pass 'sort=False'.

To retain the current behavior and silence the warning, pass 'sort=True'.

  data = pd.concat([old_data, new_data])
Fetching AAPL...
Fetching TSLA...
Fetching GE...
Fetching MSFT...
Fetching VALE...
Fetching NIO...
Fetching TWTR...
Fetching PTON...
Fetching FB...
Fetching F...
Fetching BAC...
Fetching NKLA...
Fetching AAL...
Fetching NKE...
Fetching PINS...
Fetching T...
Fetching ZM...
Fetching CCL...
Fetching FCX...
Fetching PBR...
Fetching C...
Fetching SRNE...
Fetching INTC...
Fetching SNAP...
Fetching ROKU...
Fetching NVDA...
Fetching WORK...
Fetching UBER...
Fetching AMAT...
Fetching TSM...
Fetching GOOG...
Fetching AMZN...
done.
Fetching AAPL...
Fetching TSLA...
Fetching GE...
Fetching MSFT...
Fetching VALE...
Fetching NIO...
Fetching TWTR...
Fetching PTON...
Fetching FB...
Fetching F...
Fetching BAC...
Fetching NKLA...
Fetching AAL...
Fetching NKE...
Fetching PINS...
Fetching T...
Fetching ZM...
Fetching CCL...
Fetching FCX...
Fetching PBR...
Fetching C...
Fetching SRNE...
Fetching INTC...
Fetching SNAP...
Fetching ROKU...
Fetching NVDA...
Fetching WORK...
Fetching UBER...
Fetching AMAT...
Fetching TSM...
Fetching GOOG...
Fetching AMZN...
done.
Fetching AAPL...
Traceback (most recent call last):
  File "/Users/tyler/opt/anaconda3/lib/python3.7/site-packages/urllib3/connection.py", line 159, in _new_conn
    (self._dns_host, self.port), self.timeout, **extra_kw)
  File "/Users/tyler/opt/anaconda3/lib/python3.7/site-packages/urllib3/util/connection.py", line 57, in create_connection
    for res in socket.getaddrinfo(host, port, family, socket.SOCK_STREAM):
  File "/Users/tyler/opt/anaconda3/lib/python3.7/socket.py", line 748, in getaddrinfo
    for res in _socket.getaddrinfo(host, port, family, type, proto, flags):
socket.gaierror: [Errno 8] nodename nor servname provided, or not known

During handling of the above exception, another exception occurred:

Traceback (most recent call last):
  File "/Users/tyler/opt/anaconda3/lib/python3.7/site-packages/urllib3/connectionpool.py", line 600, in urlopen
    chunked=chunked)
  File "/Users/tyler/opt/anaconda3/lib/python3.7/site-packages/urllib3/connectionpool.py", line 343, in _make_request
    self._validate_conn(conn)
  File "/Users/tyler/opt/anaconda3/lib/python3.7/site-packages/urllib3/connectionpool.py", line 839, in _validate_conn
    conn.connect()
  File "/Users/tyler/opt/anaconda3/lib/python3.7/site-packages/urllib3/connection.py", line 301, in connect
    conn = self._new_conn()
  File "/Users/tyler/opt/anaconda3/lib/python3.7/site-packages/urllib3/connection.py", line 168, in _new_conn
    self, "Failed to establish a new connection: %s" % e)
urllib3.exceptions.NewConnectionError: <urllib3.connection.VerifiedHTTPSConnection object at 0x7f9b092d8050>: Failed to establish a new connection: [Errno 8] nodename nor servname provided, or not known

During handling of the above exception, another exception occurred:

Traceback (most recent call last):
  File "/Users/tyler/opt/anaconda3/lib/python3.7/site-packages/requests/adapters.py", line 449, in send
    timeout=timeout
  File "/Users/tyler/opt/anaconda3/lib/python3.7/site-packages/urllib3/connectionpool.py", line 638, in urlopen
    _stacktrace=sys.exc_info()[2])
  File "/Users/tyler/opt/anaconda3/lib/python3.7/site-packages/urllib3/util/retry.py", line 399, in increment
    raise MaxRetryError(_pool, url, error or ResponseError(cause))
urllib3.exceptions.MaxRetryError: HTTPSConnectionPool(host='query1.finance.yahoo.com', port=443): Max retries exceeded with url: /v8/finance/chart/AAPL?range=1d&interval=1m&includePrePost=False&events=div%2Csplits (Caused by NewConnectionError('<urllib3.connection.VerifiedHTTPSConnection object at 0x7f9b092d8050>: Failed to establish a new connection: [Errno 8] nodename nor servname provided, or not known'))

During handling of the above exception, another exception occurred:

Traceback (most recent call last):
  File "/Users/tyler/desktop/investin/data/data_getter.py", line 78, in <module>
    daily_update(basket)
  File "/Users/tyler/desktop/investin/data/data_getter.py", line 64, in daily_update
    f(stonk)
  File "/Users/tyler/desktop/investin/data/data_getter.py", line 25, in get_eod_min
    new_data = tick.history(period = '1d', interval = '1m')
  File "/Users/tyler/opt/anaconda3/lib/python3.7/site-packages/yfinance/base.py", line 150, in history
    data = _requests.get(url=url, params=params, proxies=proxy)
  File "/Users/tyler/opt/anaconda3/lib/python3.7/site-packages/requests/api.py", line 75, in get
    return request('get', url, params=params, **kwargs)
  File "/Users/tyler/opt/anaconda3/lib/python3.7/site-packages/requests/api.py", line 60, in request
    return session.request(method=method, url=url, **kwargs)
  File "/Users/tyler/opt/anaconda3/lib/python3.7/site-packages/requests/sessions.py", line 533, in request
    resp = self.send(prep, **send_kwargs)
  File "/Users/tyler/opt/anaconda3/lib/python3.7/site-packages/requests/sessions.py", line 646, in send
    r = adapter.send(request, **kwargs)
  File "/Users/tyler/opt/anaconda3/lib/python3.7/site-packages/requests/adapters.py", line 516, in send
    raise ConnectionError(e, request=request)
requests.exceptions.ConnectionError: HTTPSConnectionPool(host='query1.finance.yahoo.com', port=443): Max retries exceeded with url: /v8/finance/chart/AAPL?range=1d&interval=1m&includePrePost=False&events=div%2Csplits (Caused by NewConnectionError('<urllib3.connection.VerifiedHTTPSConnection object at 0x7f9b092d8050>: Failed to establish a new connection: [Errno 8] nodename nor servname provided, or not known'))
Fetching AAPL...
Fetching TSLA...
Fetching GE...
Fetching MSFT...
Fetching VALE...
Fetching NIO...
Fetching TWTR...
Fetching PTON...
Fetching FB...
Fetching F...
Fetching BAC...
Fetching NKLA...
Fetching AAL...
Fetching NKE...
Fetching PINS...
Fetching T...
Fetching ZM...
Fetching CCL...
Fetching FCX...
Fetching PBR...
Fetching C...
Fetching SRNE...
Fetching INTC...
Fetching SNAP...
Fetching ROKU...
Fetching NVDA...
Fetching WORK...
Fetching UBER...
Fetching AMAT...
Fetching TSM...
Fetching GOOG...
Fetching AMZN...
done.
Fetching AAPL...
Fetching TSLA...
Fetching GE...
Fetching MSFT...
Fetching VALE...
Fetching NIO...
Fetching TWTR...
Fetching PTON...
Fetching FB...
Fetching F...
Fetching BAC...
Fetching NKLA...
Fetching AAL...
Fetching NKE...
Fetching PINS...
Fetching T...
Fetching ZM...
Fetching CCL...
Fetching FCX...
Fetching PBR...
Fetching C...
Fetching SRNE...
Fetching INTC...
Fetching SNAP...
Fetching ROKU...
Fetching NVDA...
Fetching WORK...
Fetching UBER...
Fetching AMAT...
Fetching TSM...
Fetching GOOG...
Fetching AMZN...
done.
Fetching AAPL...
Fetching TSLA...
Fetching GE...
Fetching MSFT...
Fetching VALE...
Fetching NIO...
Fetching TWTR...
Fetching PTON...
Fetching FB...
Fetching F...
Fetching BAC...
Fetching NKLA...
Fetching AAL...
Fetching NKE...
Fetching PINS...
Fetching T...
Fetching ZM...
Fetching CCL...
Fetching FCX...
Fetching PBR...
Fetching C...
Fetching SRNE...
Fetching INTC...
Fetching SNAP...
Fetching ROKU...
Fetching NVDA...
Fetching WORK...
Fetching UBER...
Fetching AMAT...
Fetching TSM...
Fetching GOOG...
Fetching AMZN...
done.
Fetching AAPL...
Fetching TSLA...
Fetching GE...
Fetching MSFT...
Fetching VALE...
Fetching NIO...
Fetching TWTR...
Fetching PTON...
Fetching FB...
Fetching F...
Fetching BAC...
Fetching NKLA...
Fetching AAL...
Fetching NKE...
Fetching PINS...
Fetching T...
Fetching ZM...
Fetching CCL...
Fetching FCX...
Fetching PBR...
Fetching C...
Fetching SRNE...
Fetching INTC...
Fetching SNAP...
Fetching ROKU...
Fetching NVDA...
Fetching WORK...
Fetching UBER...
Fetching AMAT...
Fetching TSM...
Fetching GOOG...
Fetching AMZN...
done.
Fetching AAPL...
Fetching TSLA...
Fetching GE...
Fetching MSFT...
Fetching VALE...
Fetching NIO...
Fetching TWTR...
Fetching PTON...
Fetching FB...
Fetching F...
Fetching BAC...
Fetching NKLA...
Fetching AAL...
Fetching NKE...
Fetching PINS...
Fetching T...
Fetching ZM...
Fetching CCL...
Fetching FCX...
Fetching PBR...
Fetching C...
Fetching SRNE...
Fetching INTC...
Fetching SNAP...
Fetching ROKU...
Fetching NVDA...
Fetching WORK...
Fetching UBER...
Fetching AMAT...
Fetching TSM...
Fetching GOOG...
Fetching AMZN...
done.
Fetching AAPL...
Fetching TSLA...
Fetching GE...
Fetching MSFT...
Fetching VALE...
Fetching NIO...
Fetching TWTR...
Fetching PTON...
Fetching FB...
Fetching F...
Fetching BAC...
Fetching NKLA...
Fetching AAL...
Fetching NKE...
Fetching PINS...
Fetching T...
Fetching ZM...
Fetching CCL...
Fetching FCX...
Fetching PBR...
Fetching C...
Fetching SRNE...
Fetching INTC...
Fetching SNAP...
Fetching ROKU...
Fetching NVDA...
Fetching WORK...
Fetching UBER...
Fetching AMAT...
Fetching TSM...
Fetching GOOG...
Fetching AMZN...
done.
Fetching AAPL...
Fetching TSLA...
Fetching GE...
Fetching MSFT...
Fetching VALE...
Fetching NIO...
Fetching TWTR...
Fetching PTON...
Fetching FB...
Fetching F...
Fetching BAC...
Fetching NKLA...
Fetching AAL...
Fetching NKE...
Fetching PINS...
Fetching T...
Fetching ZM...
Fetching CCL...
Fetching FCX...
Fetching PBR...
Fetching C...
Fetching SRNE...
Fetching INTC...
Fetching SNAP...
Fetching ROKU...
Fetching NVDA...
Fetching WORK...
Fetching UBER...
Fetching AMAT...
Fetching TSM...
Fetching GOOG...
Fetching AMZN...
done.
Fetching AAPL...
Fetching TSLA...
Fetching GE...
Fetching MSFT...
Fetching VALE...
Fetching NIO...
Fetching TWTR...
Fetching PTON...
Fetching FB...
Fetching F...
Fetching BAC...
Fetching NKLA...
Fetching AAL...
Fetching NKE...
Fetching PINS...
Fetching T...
Fetching ZM...
Fetching CCL...
Fetching FCX...
Fetching PBR...
Fetching C...
Fetching SRNE...
Fetching INTC...
Fetching SNAP...
Fetching ROKU...
Fetching NVDA...
Fetching WORK...
Fetching UBER...
Fetching AMAT...
Fetching TSM...
Fetching GOOG...
Fetching AMZN...
done.
Fetching AAPL...
Fetching TSLA...
Fetching GE...
Fetching MSFT...
Fetching VALE...
Fetching NIO...
Fetching TWTR...
Fetching PTON...
Fetching FB...
Fetching F...
Fetching BAC...
Fetching NKLA...
Fetching AAL...
Fetching NKE...
Fetching PINS...
Fetching T...
Fetching ZM...
Fetching CCL...
Fetching FCX...
Fetching PBR...
Fetching C...
Fetching SRNE...
Fetching INTC...
Fetching SNAP...
Fetching ROKU...
Fetching NVDA...
Fetching WORK...
Fetching UBER...
Fetching AMAT...
Fetching TSM...
Fetching GOOG...
Fetching AMZN...
done.
Fetching AAPL...
Fetching TSLA...
Fetching GE...
Fetching MSFT...
Fetching VALE...
Fetching NIO...
Fetching TWTR...
Fetching PTON...
Fetching FB...
Fetching F...
Fetching BAC...
Fetching NKLA...
Fetching AAL...
Fetching NKE...
Fetching PINS...
Fetching T...
Fetching ZM...
Fetching CCL...
Fetching FCX...
Fetching PBR...
Fetching C...
Fetching SRNE...
Fetching INTC...
Fetching SNAP...
Fetching ROKU...
Fetching NVDA...
Fetching WORK...
Fetching UBER...
Fetching AMAT...
Fetching TSM...
Fetching GOOG...
Fetching AMZN...
done.
Fetching AAPL...
Fetching TSLA...
Fetching GE...
Fetching MSFT...
Fetching VALE...
Fetching NIO...
Fetching TWTR...
Fetching PTON...
Fetching FB...
Fetching F...
Fetching BAC...
Fetching NKLA...
Fetching AAL...
Fetching NKE...
Fetching PINS...
Fetching T...
Fetching ZM...
Fetching CCL...
Fetching FCX...
Fetching PBR...
Fetching C...
Fetching SRNE...
Fetching INTC...
Fetching SNAP...
Fetching ROKU...
Fetching NVDA...
Fetching WORK...
Fetching UBER...
Fetching AMAT...
Fetching TSM...
Fetching GOOG...
Fetching AMZN...
done.
Fetching AAPL...
Fetching TSLA...
Fetching GE...
Fetching MSFT...
Fetching VALE...
Fetching NIO...
Fetching TWTR...
Fetching PTON...
Fetching FB...
Fetching F...
Fetching BAC...
Fetching NKLA...
Fetching AAL...
Fetching NKE...
Fetching PINS...
Fetching T...
Fetching ZM...
Fetching CCL...
Fetching FCX...
Fetching PBR...
Fetching C...
Fetching SRNE...
Fetching INTC...
Fetching SNAP...
Fetching ROKU...
Fetching NVDA...
Fetching WORK...
Fetching UBER...
Fetching AMAT...
Fetching TSM...
Fetching GOOG...
Fetching AMZN...
done.
Fetching AAPL...
Fetching TSLA...
Fetching GE...
Fetching MSFT...
Fetching VALE...
Fetching NIO...
Fetching TWTR...
Fetching PTON...
Fetching FB...
Fetching F...
Fetching BAC...
Fetching NKLA...
Fetching AAL...
Fetching NKE...
Fetching PINS...
Fetching T...
Fetching ZM...
Fetching CCL...
Fetching FCX...
Fetching PBR...
Fetching C...
Fetching SRNE...
Fetching INTC...
Fetching SNAP...
Fetching ROKU...
Fetching NVDA...
Fetching WORK...
Fetching UBER...
Fetching AMAT...
Fetching TSM...
Fetching GOOG...
Fetching AMZN...
done.
Fetching AAPL...
Fetching TSLA...
Fetching GE...
Fetching MSFT...
Fetching VALE...
Fetching NIO...
Fetching TWTR...
Fetching PTON...
Fetching FB...
Fetching F...
Fetching BAC...
Fetching NKLA...
Fetching AAL...
Fetching NKE...
Fetching PINS...
Fetching T...
Fetching ZM...
Fetching CCL...
Fetching FCX...
Fetching PBR...
Fetching C...
Fetching SRNE...
Fetching INTC...
Fetching SNAP...
Fetching ROKU...
Fetching NVDA...
Fetching WORK...
Fetching UBER...
Fetching AMAT...
Fetching TSM...
Fetching GOOG...
Fetching AMZN...
done.
